
> erp-core-auth@1.0.0 test
> vitest run --exclude "dist/**"


[1m[46m RUN [49m[22m [36mv4.0.18 [39m[90mC:/Users/Administrator/Core-Engine[39m

 [32mΓ£ô[39m src/modules/auth/auth-time.util.spec.ts [2m([22m[2m5 tests[22m[2m)[22m[32m 11[2mms[22m[39m
 [32mΓ£ô[39m src/modules/auth/guards/permissions.guard.spec.ts [2m([22m[2m7 tests[22m[2m)[22m[32m 8[2mms[22m[39m
 [32mΓ£ô[39m src/modules/auth/guards/scopes.guard.spec.ts [2m([22m[2m7 tests[22m[2m)[22m[32m 10[2mms[22m[39m
 [31mΓ¥»[39m src/server/app.module.spec.ts [2m([22m[2m0 test[22m[2m)[22m
 [32mΓ£ô[39m src/modules/users/users.service.spec.ts [2m([22m[2m4 tests[22m[2m)[22m[32m 10[2mms[22m[39m
 [31mΓ¥»[39m test/rate-limit.e2e.spec.ts [2m([22m[2m0 test[22m[2m)[22m
 [31mΓ¥»[39m test/integration.e2e.spec.ts [2m([22m[2m0 test[22m[2m)[22m
[33m[Nest] 34168  - [39m05/03/2026, 3:55:12 PM [33m   WARN[39m [38;5;3m[AuthService] [39m[33mAUTH_REFRESH_REUSED: reuse attempt refreshTokenId=rt1[39m
 [31mΓ¥»[39m src/modules/auth/auth.service.spec.ts [2m([22m[2m6 tests[22m[2m | [22m[31m3 failed[39m[2m)[22m[33m 368[2mms[22m[39m
     [33m[2mΓ£ô[22m[39m register throws ConflictException on unique violation [33m 347[2mms[22m[39m
[31m     [31m├ù[31m login rejects unknown user with AUTH_INVALID_CREDENTIALS[39m[32m 7[2mms[22m[39m
     [32mΓ£ô[39m refresh returns AUTH_REFRESH_INVALID when token row missing[32m 2[2mms[22m[39m
     [32mΓ£ô[39m refresh returns AUTH_REFRESH_REUSED when token already revoked[32m 4[2mms[22m[39m
[31m     [31m├ù[31m refresh issues new tokens when rotation succeeds[39m[32m 3[2mms[22m[39m
[31m     [31m├ù[31m login rejects inactive user like invalid credentials[39m[32m 2[2mms[22m[39m
 [31mΓ¥»[39m test/scopes.e2e.spec.ts [2m([22m[2m0 test[22m[2m)[22m
 [31mΓ¥»[39m test/applications.e2e.spec.ts [2m([22m[2m0 test[22m[2m)[22m
 [31mΓ¥»[39m src/modules/applications/applications.service.spec.ts [2m([22m[2m8 tests[22m[2m | [22m[31m8 failed[39m[2m)[22m[32m 32[2mms[22m[39m
[31m     [31m├ù[31m should be defined[39m[32m 16[2mms[22m[39m
[31m       [31m├ù[31m should create an application returning clear client_secret[39m[32m 3[2mms[22m[39m
[31m       [31m├ù[31m should throw ConflictException if client ID duplicates[39m[32m 2[2mms[22m[39m
[31m       [31m├ù[31m should return paginated list[39m[32m 3[2mms[22m[39m
[31m       [31m├ù[31m should return application[39m[32m 2[2mms[22m[39m
[31m       [31m├ù[31m should throw NotFoundException[39m[32m 1[2mms[22m[39m
[31m       [31m├ù[31m should update and return a new client_secret[39m[32m 2[2mms[22m[39m
[31m       [31m├ù[31m should throw NotFoundException if app not found[39m[32m 1[2mms[22m[39m
 [31mΓ¥»[39m src/modules/auth/auth.controller.spec.ts [2m([22m[2m0 test[22m[2m)[22m
 [32mΓ£ô[39m src/modules/users/users.controller.spec.ts [2m([22m[2m4 tests[22m[2m)[22m[32m 8[2mms[22m[39m

ΓÄ»ΓÄ»ΓÄ»ΓÄ»ΓÄ»ΓÄ» Failed Suites 6 ΓÄ»ΓÄ»ΓÄ»ΓÄ»ΓÄ»ΓÄ»ΓÄ»

 FAIL  test/applications.e2e.spec.ts [ test/applications.e2e.spec.ts ]
 FAIL  test/integration.e2e.spec.ts [ test/integration.e2e.spec.ts ]
 FAIL  test/rate-limit.e2e.spec.ts [ test/rate-limit.e2e.spec.ts ]
 FAIL  test/scopes.e2e.spec.ts [ test/scopes.e2e.spec.ts ]
 FAIL  src/server/app.module.spec.ts [ src/server/app.module.spec.ts ]
Error: Cannot find package 'rate-limiter-flexible' imported from 'C:/Users/Administrator/Core-Engine/src/server/common/rate-limit/rate-limit.service.ts'
 Γ¥» src/server/common/rate-limit/rate-limit.service.ts:2:1
      1| import { Injectable, Logger, OnModuleDestroy } from '@nestjs/common';
      2| import { RateLimiterRedis } from 'rate-limiter-flexible';
       | ^
      3| import Redis from 'ioredis';
      4| 
 Γ¥» src/server/common/rate-limit/rate-limit.module.ts:2:1

ΓÄ»ΓÄ»ΓÄ»ΓÄ»ΓÄ»ΓÄ»ΓÄ»ΓÄ»ΓÄ»ΓÄ»ΓÄ»ΓÄ»ΓÄ»ΓÄ»ΓÄ»ΓÄ»ΓÄ»ΓÄ»ΓÄ»ΓÄ»ΓÄ»ΓÄ»ΓÄ»[1/17]ΓÄ»

 FAIL  src/modules/auth/auth.controller.spec.ts [ src/modules/auth/auth.controller.spec.ts ]
Error: Cannot find package 'rate-limiter-flexible' imported from 'C:/Users/Administrator/Core-Engine/src/server/common/rate-limit/rate-limit.service.ts'
 Γ¥» src/server/common/rate-limit/rate-limit.service.ts:2:1
      1| import { Injectable, Logger, OnModuleDestroy } from '@nestjs/common';
      2| import { RateLimiterRedis } from 'rate-limiter-flexible';
       | ^
      3| import Redis from 'ioredis';
      4| 
 Γ¥» src/server/common/rate-limit/rate-limit.guard.ts:9:1

ΓÄ»ΓÄ»ΓÄ»ΓÄ»ΓÄ»ΓÄ»ΓÄ»ΓÄ»ΓÄ»ΓÄ»ΓÄ»ΓÄ»ΓÄ»ΓÄ»ΓÄ»ΓÄ»ΓÄ»ΓÄ»ΓÄ»ΓÄ»ΓÄ»ΓÄ»ΓÄ»[2/17]ΓÄ»


ΓÄ»ΓÄ»ΓÄ»ΓÄ»ΓÄ»ΓÄ» Failed Tests 11 ΓÄ»ΓÄ»ΓÄ»ΓÄ»ΓÄ»ΓÄ»ΓÄ»

 FAIL  src/modules/applications/applications.service.spec.ts > ApplicationsService > should be defined
 FAIL  src/modules/applications/applications.service.spec.ts > ApplicationsService > create > should create an application returning clear client_secret
 FAIL  src/modules/applications/applications.service.spec.ts > ApplicationsService > create > should throw ConflictException if client ID duplicates
 FAIL  src/modules/applications/applications.service.spec.ts > ApplicationsService > findAll > should return paginated list
 FAIL  src/modules/applications/applications.service.spec.ts > ApplicationsService > findOne > should return application
 FAIL  src/modules/applications/applications.service.spec.ts > ApplicationsService > findOne > should throw NotFoundException
 FAIL  src/modules/applications/applications.service.spec.ts > ApplicationsService > regenerateSecret > should update and return a new client_secret
 FAIL  src/modules/applications/applications.service.spec.ts > ApplicationsService > regenerateSecret > should throw NotFoundException if app not found
Error: Nest can't resolve dependencies of the ApplicationsService (PrismaService, ?). Please make sure that the argument AuditService at index [1] is available in the RootTestModule module.

Potential solutions:
- Is RootTestModule a valid NestJS module?
- If AuditService is a provider, is it part of the current RootTestModule?
- If AuditService is exported from a separate @Module, is that module imported within RootTestModule?
  @Module({
    imports: [ /* the Module containing AuditService */ ]
  })

For more common dependency resolution issues, see: https://docs.nestjs.com/faq/common-errors
 Γ¥» TestingInjector.lookupComponentInParentModules node_modules/@nestjs/core/injector/injector.js:290:19
 Γ¥» TestingInjector.resolveComponentWrapper node_modules/@nestjs/testing/testing-injector.js:19:45
 Γ¥» resolveParam node_modules/@nestjs/core/injector/injector.js:140:38
 Γ¥» TestingInjector.resolveConstructorParams node_modules/@nestjs/core/injector/injector.js:169:27
 Γ¥» TestingInjector.loadInstance node_modules/@nestjs/core/injector/injector.js:75:13
 Γ¥» TestingInjector.loadProvider node_modules/@nestjs/core/injector/injector.js:103:9
 Γ¥» node_modules/@nestjs/core/injector/instance-loader.js:56:13

ΓÄ»ΓÄ»ΓÄ»ΓÄ»ΓÄ»ΓÄ»ΓÄ»ΓÄ»ΓÄ»ΓÄ»ΓÄ»ΓÄ»ΓÄ»ΓÄ»ΓÄ»ΓÄ»ΓÄ»ΓÄ»ΓÄ»ΓÄ»ΓÄ»ΓÄ»ΓÄ»[3/17]ΓÄ»

 FAIL  src/modules/auth/auth.service.spec.ts > AuthService > login rejects unknown user with AUTH_INVALID_CREDENTIALS
Error: expect(received).toSatisfy()

Expected value to satisfy:
[Function anonymous]

Received:
[TypeError: Cannot read properties of undefined (reading 'logLoginFailure')]
 Γ¥» src/modules/auth/auth.service.spec.ts:50:5
     48|     const service = new AuthService(prisma as unknown as PrismaServiceΓÇª
     49| 
     50|     await expect(service.login({ email: 'nope@b.com', password: 'x' })ΓÇª
       |     ^
     51|       if (!(e instanceof UnauthorizedException)) return false;
     52|       const body = e.getResponse();

ΓÄ»ΓÄ»ΓÄ»ΓÄ»ΓÄ»ΓÄ»ΓÄ»ΓÄ»ΓÄ»ΓÄ»ΓÄ»ΓÄ»ΓÄ»ΓÄ»ΓÄ»ΓÄ»ΓÄ»ΓÄ»ΓÄ»ΓÄ»ΓÄ»ΓÄ»ΓÄ»[4/17]ΓÄ»

 FAIL  src/modules/auth/auth.service.spec.ts > AuthService > refresh issues new tokens when rotation succeeds
TypeError: Cannot read properties of undefined (reading 'logTokenRefresh')
 Γ¥» AuthService.refresh src/modules/auth/auth.service.ts:181:16
    179|     const accessToken = await this.signAccessToken(result.user);
    180| 
    181|     this.audit.logTokenRefresh(result.user.id);
       |                ^
    182| 
    183|     return {
 Γ¥» src/modules/auth/auth.service.spec.ts:148:17

ΓÄ»ΓÄ»ΓÄ»ΓÄ»ΓÄ»ΓÄ»ΓÄ»ΓÄ»ΓÄ»ΓÄ»ΓÄ»ΓÄ»ΓÄ»ΓÄ»ΓÄ»ΓÄ»ΓÄ»ΓÄ»ΓÄ»ΓÄ»ΓÄ»ΓÄ»ΓÄ»[5/17]ΓÄ»

 FAIL  src/modules/auth/auth.service.spec.ts > AuthService > login rejects inactive user like invalid credentials
AssertionError: expected TypeError: Cannot read properties of undeΓÇª to be an instance of UnauthorizedException
 Γ¥» src/modules/auth/auth.service.spec.ts:170:5
    168|     const service = new AuthService(prisma as unknown as PrismaServiceΓÇª
    169| 
    170|     await expect(service.login({ email: 'a@b.com', password: 'ValidPasΓÇª
       |     ^
    171|       UnauthorizedException,
    172|     );

ΓÄ»ΓÄ»ΓÄ»ΓÄ»ΓÄ»ΓÄ»ΓÄ»ΓÄ»ΓÄ»ΓÄ»ΓÄ»ΓÄ»ΓÄ»ΓÄ»ΓÄ»ΓÄ»ΓÄ»ΓÄ»ΓÄ»ΓÄ»ΓÄ»ΓÄ»ΓÄ»[6/17]ΓÄ»


[2m Test Files [22m [1m[31m8 failed[39m[22m[2m | [22m[1m[32m5 passed[39m[22m[90m (13)[39m
[2m      Tests [22m [1m[31m11 failed[39m[22m[2m | [22m[1m[32m30 passed[39m[22m[90m (41)[39m
[2m   Start at [22m 15:55:07
[2m   Duration [22m 6.63s[2m (transform 9.03s, setup 0ms, import 17.67s, tests 447ms, environment 3ms)[22m

